<?xml version="1.0" encoding="UTF-8"?>
<TestRun id="47b278a2-1af3-44a1-a9bc-85254606c48f" name="shreyansowmya@TWOSIXAG 2014-09-01 02:23:59" runUser="twosixag\shreyansowmya" xmlns="http://microsoft.com/schemas/VisualStudio/TeamTest/2010">
  <TestSettings name="Local" id="d6b52016-2952-41ce-93c4-d23e9e59ad95">
    <Description>These are default test settings for a local test run.</Description>
    <Deployment enabled="false" runDeploymentRoot="shreyansowmya_TWOSIXAG 2014-09-01 02_23_59">
      <DeploymentItem filename="C:\temp\training\abc-bank\abc-bank\bin\Debug\abc-bank.dll" />
    </Deployment>
    <Execution>
      <TestTypeSpecific />
      <AgentRule name="Execution Agents">
      </AgentRule>
    </Execution>
  </TestSettings>
  <Times creation="2014-09-01T02:23:59.8030504-04:00" queuing="2014-09-01T02:24:00.6054540-04:00" start="2014-09-01T02:24:00.6522540-04:00" finish="2014-09-01T02:24:12.5706750-04:00" />
  <ResultSummary outcome="Error">
    <Counters total="6" executed="6" passed="5" error="0" failed="0" timeout="0" aborted="1" inconclusive="0" passedButRunAborted="0" notRunnable="0" notExecuted="0" disconnected="0" warning="0" completed="0" inProgress="0" pending="0" />
    <RunInfos>
      <RunInfo computerName="TWOSIXAG" outcome="Error" timestamp="2014-09-01T02:24:12.5550749-04:00">
        <Text>Test host process exited unexpectedly.</Text>
      </RunInfo>
    </RunInfos>
  </ResultSummary>
  <TestDefinitions>
    <UnitTest name="TestOneDepositToMaxiSavingsAccount" storage="c:\temp\training\abc-bank\abc-banktests\bin\debug\abc-banktests.dll" id="dbfe0902-cd13-28b6-a7c1-a0b0903bac1c">
      <Execution id="9c4d2a79-429a-44e0-a060-6bc52094150a" />
      <TestMethod codeBase="C:/temp/training/abc-bank/abc-bankTests/bin/Debug/abc-bankTests.DLL" adapterTypeName="Microsoft.VisualStudio.TestTools.TestTypes.Unit.UnitTestAdapter, Microsoft.VisualStudio.QualityTools.Tips.UnitTest.Adapter, Version=10.0.0.0, Culture=neutral, PublicKeyToken=b03f5f7f11d50a3a" className="abc_bankTests.BankTests, abc-bankTests, Version=1.0.0.0, Culture=neutral, PublicKeyToken=null" name="TestOneDepositToMaxiSavingsAccount" />
    </UnitTest>
    <UnitTest name="TestOneDepositAndTotal" storage="c:\temp\training\abc-bank\abc-banktests\bin\debug\abc-banktests.dll" id="a9952bc1-f26e-c1bc-166d-0eda2e726ce0">
      <Execution id="b0fa5666-e0b0-4b88-8f72-f82079e5aa22" />
      <TestMethod codeBase="C:/temp/training/abc-bank/abc-bankTests/bin/Debug/abc-bankTests.DLL" adapterTypeName="Microsoft.VisualStudio.TestTools.TestTypes.Unit.UnitTestAdapter, Microsoft.VisualStudio.QualityTools.Tips.UnitTest.Adapter, Version=10.0.0.0, Culture=neutral, PublicKeyToken=b03f5f7f11d50a3a" className="abc_bankTests.BankTests, abc-bankTests, Version=1.0.0.0, Culture=neutral, PublicKeyToken=null" name="TestOneDepositAndTotal" />
    </UnitTest>
    <UnitTest name="TestOneDepositWithdrawalAndTotal" storage="c:\temp\training\abc-bank\abc-banktests\bin\debug\abc-banktests.dll" id="bc3bd5e0-1838-00d0-4d62-d39fd32dd612">
      <Execution id="5bc66b9b-10ea-4092-aded-aa666faad007" />
      <TestMethod codeBase="C:/temp/training/abc-bank/abc-bankTests/bin/Debug/abc-bankTests.DLL" adapterTypeName="Microsoft.VisualStudio.TestTools.TestTypes.Unit.UnitTestAdapter, Microsoft.VisualStudio.QualityTools.Tips.UnitTest.Adapter, Version=10.0.0.0, Culture=neutral, PublicKeyToken=b03f5f7f11d50a3a" className="abc_bankTests.BankTests, abc-bankTests, Version=1.0.0.0, Culture=neutral, PublicKeyToken=null" name="TestOneDepositWithdrawalAndTotal" />
    </UnitTest>
    <UnitTest name="TestOneDepositToSavingsAccount" storage="c:\temp\training\abc-bank\abc-banktests\bin\debug\abc-banktests.dll" id="35e42c63-e786-4abb-c311-f0995526bce9">
      <Execution id="587b1bda-217d-4bdd-9f9d-0c99bf870e8b" />
      <TestMethod codeBase="C:/temp/training/abc-bank/abc-bankTests/bin/Debug/abc-bankTests.DLL" adapterTypeName="Microsoft.VisualStudio.TestTools.TestTypes.Unit.UnitTestAdapter, Microsoft.VisualStudio.QualityTools.Tips.UnitTest.Adapter, Version=10.0.0.0, Culture=neutral, PublicKeyToken=b03f5f7f11d50a3a" className="abc_bankTests.BankTests, abc-bankTests, Version=1.0.0.0, Culture=neutral, PublicKeyToken=null" name="TestOneDepositToSavingsAccount" />
    </UnitTest>
    <UnitTest name="TestOpenThreeAccounts" storage="c:\temp\training\abc-bank\abc-banktests\bin\debug\abc-banktests.dll" id="828d7b9d-e038-3d41-4792-2b0fc2fbe10f">
      <Execution id="67649e2e-88a6-4a49-894c-e4c2b14a9c32" />
      <TestMethod codeBase="C:/temp/training/abc-bank/abc-bankTests/bin/Debug/abc-bankTests.DLL" adapterTypeName="Microsoft.VisualStudio.TestTools.TestTypes.Unit.UnitTestAdapter, Microsoft.VisualStudio.QualityTools.Tips.UnitTest.Adapter, Version=10.0.0.0, Culture=neutral, PublicKeyToken=b03f5f7f11d50a3a" className="abc_bankTests.BankTests, abc-bankTests, Version=1.0.0.0, Culture=neutral, PublicKeyToken=null" name="TestOpenThreeAccounts" />
    </UnitTest>
    <UnitTest name="TestNoDepositTotalZero" storage="c:\temp\training\abc-bank\abc-banktests\bin\debug\abc-banktests.dll" id="3185a329-4b7e-5ce6-5b39-9fd77dd8d3f0">
      <Execution id="1a0e2d5f-59d3-4248-8e5e-875a6f037c68" />
      <TestMethod codeBase="C:/temp/training/abc-bank/abc-bankTests/bin/Debug/abc-bankTests.DLL" adapterTypeName="Microsoft.VisualStudio.TestTools.TestTypes.Unit.UnitTestAdapter, Microsoft.VisualStudio.QualityTools.Tips.UnitTest.Adapter, Version=10.0.0.0, Culture=neutral, PublicKeyToken=b03f5f7f11d50a3a" className="abc_bankTests.BankTests, abc-bankTests, Version=1.0.0.0, Culture=neutral, PublicKeyToken=null" name="TestNoDepositTotalZero" />
    </UnitTest>
  </TestDefinitions>
  <TestLists>
    <TestList name="Results Not in a List" id="8c84fa94-04c1-424b-9868-57a2d4851a1d" />
    <TestList name="All Loaded Results" id="19431567-8539-422a-85d7-44ee4e166bda" />
  </TestLists>
  <TestEntries>
    <TestEntry testId="3185a329-4b7e-5ce6-5b39-9fd77dd8d3f0" executionId="1a0e2d5f-59d3-4248-8e5e-875a6f037c68" testListId="8c84fa94-04c1-424b-9868-57a2d4851a1d" />
    <TestEntry testId="a9952bc1-f26e-c1bc-166d-0eda2e726ce0" executionId="b0fa5666-e0b0-4b88-8f72-f82079e5aa22" testListId="8c84fa94-04c1-424b-9868-57a2d4851a1d" />
    <TestEntry testId="bc3bd5e0-1838-00d0-4d62-d39fd32dd612" executionId="5bc66b9b-10ea-4092-aded-aa666faad007" testListId="8c84fa94-04c1-424b-9868-57a2d4851a1d" />
    <TestEntry testId="828d7b9d-e038-3d41-4792-2b0fc2fbe10f" executionId="67649e2e-88a6-4a49-894c-e4c2b14a9c32" testListId="8c84fa94-04c1-424b-9868-57a2d4851a1d" />
    <TestEntry testId="35e42c63-e786-4abb-c311-f0995526bce9" executionId="587b1bda-217d-4bdd-9f9d-0c99bf870e8b" testListId="8c84fa94-04c1-424b-9868-57a2d4851a1d" />
    <TestEntry testId="dbfe0902-cd13-28b6-a7c1-a0b0903bac1c" executionId="9c4d2a79-429a-44e0-a060-6bc52094150a" testListId="8c84fa94-04c1-424b-9868-57a2d4851a1d" />
  </TestEntries>
  <Results>
    <UnitTestResult executionId="1a0e2d5f-59d3-4248-8e5e-875a6f037c68" testId="3185a329-4b7e-5ce6-5b39-9fd77dd8d3f0" testName="TestNoDepositTotalZero" computerName="TWOSIXAG" duration="00:00:00.0255043" startTime="2014-09-01T02:24:00.7146541-04:00" endTime="2014-09-01T02:24:01.6506558-04:00" testType="13cdc9d9-ddb5-4fa4-a97d-d965ccfc6d4b" outcome="Passed" testListId="8c84fa94-04c1-424b-9868-57a2d4851a1d" relativeResultsDirectory="1a0e2d5f-59d3-4248-8e5e-875a6f037c68">
    </UnitTestResult>
    <UnitTestResult executionId="b0fa5666-e0b0-4b88-8f72-f82079e5aa22" testId="a9952bc1-f26e-c1bc-166d-0eda2e726ce0" testName="TestOneDepositAndTotal" computerName="TWOSIXAG" duration="00:00:00.0794093" startTime="2014-09-01T02:24:01.6818558-04:00" endTime="2014-09-01T02:24:01.7754560-04:00" testType="13cdc9d9-ddb5-4fa4-a97d-d965ccfc6d4b" outcome="Passed" testListId="8c84fa94-04c1-424b-9868-57a2d4851a1d" relativeResultsDirectory="b0fa5666-e0b0-4b88-8f72-f82079e5aa22">
    </UnitTestResult>
    <UnitTestResult executionId="5bc66b9b-10ea-4092-aded-aa666faad007" testId="bc3bd5e0-1838-00d0-4d62-d39fd32dd612" testName="TestOneDepositWithdrawalAndTotal" computerName="TWOSIXAG" duration="00:00:00.0013801" startTime="2014-09-01T02:24:01.7754560-04:00" endTime="2014-09-01T02:24:01.7910560-04:00" testType="13cdc9d9-ddb5-4fa4-a97d-d965ccfc6d4b" outcome="Passed" testListId="8c84fa94-04c1-424b-9868-57a2d4851a1d" relativeResultsDirectory="5bc66b9b-10ea-4092-aded-aa666faad007">
    </UnitTestResult>
    <UnitTestResult executionId="67649e2e-88a6-4a49-894c-e4c2b14a9c32" testId="828d7b9d-e038-3d41-4792-2b0fc2fbe10f" testName="TestOpenThreeAccounts" computerName="TWOSIXAG" duration="00:00:00.0011724" startTime="2014-09-01T02:24:01.8066561-04:00" endTime="2014-09-01T02:24:01.8066561-04:00" testType="13cdc9d9-ddb5-4fa4-a97d-d965ccfc6d4b" outcome="Passed" testListId="8c84fa94-04c1-424b-9868-57a2d4851a1d" relativeResultsDirectory="67649e2e-88a6-4a49-894c-e4c2b14a9c32">
    </UnitTestResult>
    <UnitTestResult executionId="587b1bda-217d-4bdd-9f9d-0c99bf870e8b" testId="35e42c63-e786-4abb-c311-f0995526bce9" testName="TestOneDepositToSavingsAccount" computerName="TWOSIXAG" duration="00:00:00.0011581" startTime="2014-09-01T02:24:01.8222561-04:00" endTime="2014-09-01T02:24:01.8222561-04:00" testType="13cdc9d9-ddb5-4fa4-a97d-d965ccfc6d4b" outcome="Passed" testListId="8c84fa94-04c1-424b-9868-57a2d4851a1d" relativeResultsDirectory="587b1bda-217d-4bdd-9f9d-0c99bf870e8b">
    </UnitTestResult>
    <UnitTestResult executionId="9c4d2a79-429a-44e0-a060-6bc52094150a" testId="dbfe0902-cd13-28b6-a7c1-a0b0903bac1c" testName="TestOneDepositToMaxiSavingsAccount" computerName="TWOSIXAG" duration="00:00:10.7328189" startTime="2014-09-01T02:24:01.8378561-04:00" endTime="2014-09-01T02:24:12.5706750-04:00" testType="13cdc9d9-ddb5-4fa4-a97d-d965ccfc6d4b" outcome="Aborted" testListId="8c84fa94-04c1-424b-9868-57a2d4851a1d" relativeResultsDirectory="9c4d2a79-429a-44e0-a060-6bc52094150a">
    </UnitTestResult>
  </Results>
</TestRun>